Component: Arm Compiler for Embedded 6.21 Tool: armlink [5ec1fa00]

==============================================================================

Section Cross References

    lab2.o(lab2code) refers to lab2.o(lab2data) for wordData
    startup_stm32f401xe.o(STACK) refers (Special) to system_stm32f4xx.o(.text.SystemInit) for SystemInit
    startup_stm32f401xe.o(STACK) refers (Special) to heapauxi.o(.text) for __use_two_region_memory
    startup_stm32f401xe.o(HEAP) refers (Special) to system_stm32f4xx.o(.text.SystemInit) for SystemInit
    startup_stm32f401xe.o(HEAP) refers (Special) to heapauxi.o(.text) for __use_two_region_memory
    startup_stm32f401xe.o(RESET) refers (Special) to system_stm32f4xx.o(.text.SystemInit) for SystemInit
    startup_stm32f401xe.o(RESET) refers (Special) to heapauxi.o(.text) for __use_two_region_memory
    startup_stm32f401xe.o(RESET) refers to startup_stm32f401xe.o(STACK) for __initial_sp
    startup_stm32f401xe.o(RESET) refers to startup_stm32f401xe.o(.text) for Reset_Handler
    startup_stm32f401xe.o(.text) refers (Special) to system_stm32f4xx.o(.text.SystemInit) for SystemInit
    startup_stm32f401xe.o(.text) refers (Special) to heapauxi.o(.text) for __use_two_region_memory
    startup_stm32f401xe.o(.text) refers to lab2.o(lab2code) for __main
    startup_stm32f401xe.o(.text) refers to startup_stm32f401xe.o(HEAP) for Heap_Mem
    startup_stm32f401xe.o(.text) refers to startup_stm32f401xe.o(STACK) for Stack_Mem
    system_stm32f4xx.o(.ARM.exidx.text.SystemInit) refers to system_stm32f4xx.o(.text.SystemInit) for [Anonymous Symbol]
    system_stm32f4xx.o(.text.SystemCoreClockUpdate) refers to system_stm32f4xx.o(.data.SystemCoreClock) for SystemCoreClock
    system_stm32f4xx.o(.text.SystemCoreClockUpdate) refers to system_stm32f4xx.o(.rodata.AHBPrescTable) for AHBPrescTable
    system_stm32f4xx.o(.ARM.exidx.text.SystemCoreClockUpdate) refers to system_stm32f4xx.o(.text.SystemCoreClockUpdate) for [Anonymous Symbol]


==============================================================================

Removing Unused input sections from the image.

    Removing system_stm32f4xx.o(.text), (0 bytes).
    Removing system_stm32f4xx.o(.ARM.exidx.text.SystemInit), (8 bytes).
    Removing system_stm32f4xx.o(.text.SystemCoreClockUpdate), (302 bytes).
    Removing system_stm32f4xx.o(.ARM.exidx.text.SystemCoreClockUpdate), (8 bytes).
    Removing system_stm32f4xx.o(.data.SystemCoreClock), (4 bytes).
    Removing system_stm32f4xx.o(.rodata.AHBPrescTable), (16 bytes).
    Removing system_stm32f4xx.o(.rodata.APBPrescTable), (8 bytes).

7 unused section(s) (total 346 bytes) removed from the image.

==============================================================================

Image Symbol Table

    Local Symbols

    Symbol Name                              Value     Ov Type        Size  Object(Section)

    ../clib/heapaux.c                        0x00000000   Number         0  heapauxi.o ABSOLUTE
    Lab2.s                                   0x00000000   Number         0  lab2.o ABSOLUTE
    RTE/Device/STM32F401RETx/startup_stm32f401xe.s 0x00000000   Number         0  startup_stm32f401xe.o ABSOLUTE
    dc.s                                     0x00000000   Number         0  dc.o ABSOLUTE
    system_stm32f4xx.c                       0x00000000   Number         0  system_stm32f4xx.o ABSOLUTE
    RESET                                    0x08000000   Section      404  startup_stm32f401xe.o(RESET)
    $v0                                      0x08000194   Number         0  startup_stm32f401xe.o(.text)
    .text                                    0x08000194   Section       56  startup_stm32f401xe.o(.text)
    .text                                    0x080001cc   Section        0  heapauxi.o(.text)
    [Anonymous Symbol]                       0x080001d4   Section        0  system_stm32f4xx.o(.text.SystemInit)
    byteData                                 0x080001e8   Data           5  lab2.o(lab2code)
    lab2code                                 0x080001e8   Section      120  lab2.o(lab2code)
    $v0                                      0x080001ee   Number         0  lab2.o(lab2code)
    wordData                                 0x08000260   Data          20  lab2.o(lab2data)
    lab2data                                 0x08000260   Section       20  lab2.o(lab2data)
    Heap_Mem                                 0x20000000   Data         512  startup_stm32f401xe.o(HEAP)
    HEAP                                     0x20000000   Section      512  startup_stm32f401xe.o(HEAP)
    Stack_Mem                                0x20000200   Data        1024  startup_stm32f401xe.o(STACK)
    STACK                                    0x20000200   Section     1024  startup_stm32f401xe.o(STACK)
    __initial_sp                             0x20000600   Data           0  startup_stm32f401xe.o(STACK)

    Global Symbols

    Symbol Name                              Value     Ov Type        Size  Object(Section)

    BuildAttributes$$THM_ISAv4$E$P$D$K$B$S$7EM$VFPi3$EXTD16$VFPS$VFMA$PE$A:L22UL41UL21$X:L11$S22US41US21$IEEE1$IW$~IW$USESV6$~STKCKD$USESV7$~SHL$OSPACE$ROPI$EBA8$STANDARDLIB$REQ8$PRES8$EABIv2 0x00000000   Number         0  anon$$obj.o ABSOLUTE
    __Vectors_Size                           0x00000194   Number         0  startup_stm32f401xe.o ABSOLUTE
    __Vectors                                0x08000000   Data           4  startup_stm32f401xe.o(RESET)
    Reset_Handler                            0x08000195   Thumb Code     4  startup_stm32f401xe.o(.text)
    __Vectors_End                            0x08000194   Data           0  startup_stm32f401xe.o(RESET)
    NMI_Handler                              0x08000199   Thumb Code     2  startup_stm32f401xe.o(.text)
    HardFault_Handler                        0x0800019b   Thumb Code     2  startup_stm32f401xe.o(.text)
    MemManage_Handler                        0x0800019d   Thumb Code     2  startup_stm32f401xe.o(.text)
    BusFault_Handler                         0x0800019f   Thumb Code     2  startup_stm32f401xe.o(.text)
    UsageFault_Handler                       0x080001a1   Thumb Code     2  startup_stm32f401xe.o(.text)
    SVC_Handler                              0x080001a3   Thumb Code     2  startup_stm32f401xe.o(.text)
    DebugMon_Handler                         0x080001a5   Thumb Code     2  startup_stm32f401xe.o(.text)
    PendSV_Handler                           0x080001a7   Thumb Code     2  startup_stm32f401xe.o(.text)
    SysTick_Handler                          0x080001a9   Thumb Code     2  startup_stm32f401xe.o(.text)
    ADC_IRQHandler                           0x080001ab   Thumb Code     0  startup_stm32f401xe.o(.text)
    DMA1_Stream0_IRQHandler                  0x080001ab   Thumb Code     0  startup_stm32f401xe.o(.text)
    DMA1_Stream1_IRQHandler                  0x080001ab   Thumb Code     0  startup_stm32f401xe.o(.text)
    DMA1_Stream2_IRQHandler                  0x080001ab   Thumb Code     0  startup_stm32f401xe.o(.text)
    DMA1_Stream3_IRQHandler                  0x080001ab   Thumb Code     0  startup_stm32f401xe.o(.text)
    DMA1_Stream4_IRQHandler                  0x080001ab   Thumb Code     0  startup_stm32f401xe.o(.text)
    DMA1_Stream5_IRQHandler                  0x080001ab   Thumb Code     0  startup_stm32f401xe.o(.text)
    DMA1_Stream6_IRQHandler                  0x080001ab   Thumb Code     0  startup_stm32f401xe.o(.text)
    DMA1_Stream7_IRQHandler                  0x080001ab   Thumb Code     0  startup_stm32f401xe.o(.text)
    DMA2_Stream0_IRQHandler                  0x080001ab   Thumb Code     0  startup_stm32f401xe.o(.text)
    DMA2_Stream1_IRQHandler                  0x080001ab   Thumb Code     0  startup_stm32f401xe.o(.text)
    DMA2_Stream2_IRQHandler                  0x080001ab   Thumb Code     0  startup_stm32f401xe.o(.text)
    DMA2_Stream3_IRQHandler                  0x080001ab   Thumb Code     0  startup_stm32f401xe.o(.text)
    DMA2_Stream4_IRQHandler                  0x080001ab   Thumb Code     0  startup_stm32f401xe.o(.text)
    DMA2_Stream5_IRQHandler                  0x080001ab   Thumb Code     0  startup_stm32f401xe.o(.text)
    DMA2_Stream6_IRQHandler                  0x080001ab   Thumb Code     0  startup_stm32f401xe.o(.text)
    DMA2_Stream7_IRQHandler                  0x080001ab   Thumb Code     0  startup_stm32f401xe.o(.text)
    EXTI0_IRQHandler                         0x080001ab   Thumb Code     0  startup_stm32f401xe.o(.text)
    EXTI15_10_IRQHandler                     0x080001ab   Thumb Code     0  startup_stm32f401xe.o(.text)
    EXTI1_IRQHandler                         0x080001ab   Thumb Code     0  startup_stm32f401xe.o(.text)
    EXTI2_IRQHandler                         0x080001ab   Thumb Code     0  startup_stm32f401xe.o(.text)
    EXTI3_IRQHandler                         0x080001ab   Thumb Code     0  startup_stm32f401xe.o(.text)
    EXTI4_IRQHandler                         0x080001ab   Thumb Code     0  startup_stm32f401xe.o(.text)
    EXTI9_5_IRQHandler                       0x080001ab   Thumb Code     0  startup_stm32f401xe.o(.text)
    FLASH_IRQHandler                         0x080001ab   Thumb Code     0  startup_stm32f401xe.o(.text)
    FPU_IRQHandler                           0x080001ab   Thumb Code     0  startup_stm32f401xe.o(.text)
    I2C1_ER_IRQHandler                       0x080001ab   Thumb Code     0  startup_stm32f401xe.o(.text)
    I2C1_EV_IRQHandler                       0x080001ab   Thumb Code     0  startup_stm32f401xe.o(.text)
    I2C2_ER_IRQHandler                       0x080001ab   Thumb Code     0  startup_stm32f401xe.o(.text)
    I2C2_EV_IRQHandler                       0x080001ab   Thumb Code     0  startup_stm32f401xe.o(.text)
    I2C3_ER_IRQHandler                       0x080001ab   Thumb Code     0  startup_stm32f401xe.o(.text)
    I2C3_EV_IRQHandler                       0x080001ab   Thumb Code     0  startup_stm32f401xe.o(.text)
    OTG_FS_IRQHandler                        0x080001ab   Thumb Code     0  startup_stm32f401xe.o(.text)
    OTG_FS_WKUP_IRQHandler                   0x080001ab   Thumb Code     0  startup_stm32f401xe.o(.text)
    PVD_IRQHandler                           0x080001ab   Thumb Code     0  startup_stm32f401xe.o(.text)
    RCC_IRQHandler                           0x080001ab   Thumb Code     0  startup_stm32f401xe.o(.text)
    RTC_Alarm_IRQHandler                     0x080001ab   Thumb Code     0  startup_stm32f401xe.o(.text)
    RTC_WKUP_IRQHandler                      0x080001ab   Thumb Code     0  startup_stm32f401xe.o(.text)
    SDIO_IRQHandler                          0x080001ab   Thumb Code     0  startup_stm32f401xe.o(.text)
    SPI1_IRQHandler                          0x080001ab   Thumb Code     0  startup_stm32f401xe.o(.text)
    SPI2_IRQHandler                          0x080001ab   Thumb Code     0  startup_stm32f401xe.o(.text)
    SPI3_IRQHandler                          0x080001ab   Thumb Code     0  startup_stm32f401xe.o(.text)
    SPI4_IRQHandler                          0x080001ab   Thumb Code     0  startup_stm32f401xe.o(.text)
    TAMP_STAMP_IRQHandler                    0x080001ab   Thumb Code     0  startup_stm32f401xe.o(.text)
    TIM1_BRK_TIM9_IRQHandler                 0x080001ab   Thumb Code     0  startup_stm32f401xe.o(.text)
    TIM1_CC_IRQHandler                       0x080001ab   Thumb Code     0  startup_stm32f401xe.o(.text)
    TIM1_TRG_COM_TIM11_IRQHandler            0x080001ab   Thumb Code     0  startup_stm32f401xe.o(.text)
    TIM1_UP_TIM10_IRQHandler                 0x080001ab   Thumb Code     0  startup_stm32f401xe.o(.text)
    TIM2_IRQHandler                          0x080001ab   Thumb Code     0  startup_stm32f401xe.o(.text)
    TIM3_IRQHandler                          0x080001ab   Thumb Code     0  startup_stm32f401xe.o(.text)
    TIM4_IRQHandler                          0x080001ab   Thumb Code     0  startup_stm32f401xe.o(.text)
    TIM5_IRQHandler                          0x080001ab   Thumb Code     0  startup_stm32f401xe.o(.text)
    USART1_IRQHandler                        0x080001ab   Thumb Code     0  startup_stm32f401xe.o(.text)
    USART2_IRQHandler                        0x080001ab   Thumb Code     0  startup_stm32f401xe.o(.text)
    USART6_IRQHandler                        0x080001ab   Thumb Code     0  startup_stm32f401xe.o(.text)
    WWDG_IRQHandler                          0x080001ab   Thumb Code     0  startup_stm32f401xe.o(.text)
    __user_initial_stackheap                 0x080001ad   Thumb Code     0  startup_stm32f401xe.o(.text)
    __use_two_region_memory                  0x080001cd   Thumb Code     2  heapauxi.o(.text)
    __rt_heap_escrow$2region                 0x080001cf   Thumb Code     2  heapauxi.o(.text)
    __rt_heap_expand$2region                 0x080001d1   Thumb Code     2  heapauxi.o(.text)
    SystemInit                               0x080001d5   Thumb Code    18  system_stm32f4xx.o(.text.SystemInit)
    __main                                   0x080001ef   Thumb Code    98  lab2.o(lab2code)



==============================================================================

Memory Map of the image

  Image Entry point : 0x08000195

  Load Region LR_1 (Base: 0x08000000, Size: 0x00000274, Max: 0xffffffff, ABSOLUTE)

    Execution Region ER_RO (Exec base: 0x08000000, Load base: 0x08000000, Size: 0x00000274, Max: 0xffffffff, ABSOLUTE)

    Exec Addr    Load Addr    Size         Type   Attr      Idx    E Section Name        Object

    0x08000000   0x08000000   0x00000194   Data   RO           10    RESET               startup_stm32f401xe.o
    0x08000194   0x08000194   0x00000038   Code   RO           11  * .text               startup_stm32f401xe.o
    0x080001cc   0x080001cc   0x00000006   Code   RO           31    .text               c_w.l(heapauxi.o)
    0x080001d2   0x080001d2   0x00000002   PAD
    0x080001d4   0x080001d4   0x00000012   Code   RO           16    .text.SystemInit    system_stm32f4xx.o
    0x080001e6   0x080001e6   0x00000002   PAD
    0x080001e8   0x080001e8   0x00000078   Code   RO            1    lab2code            lab2.o
    0x08000260   0x08000260   0x00000014   Data   RO            2    lab2data            lab2.o


    Execution Region ER_RW (Exec base: 0x20000000, Load base: 0x08000274, Size: 0x00000000, Max: 0xffffffff, ABSOLUTE)

    **** No section assigned to this execution region ****


    Execution Region ER_ZI (Exec base: 0x20000000, Load base: 0x08000274, Size: 0x00000600, Max: 0xffffffff, ABSOLUTE)

    Exec Addr    Load Addr    Size         Type   Attr      Idx    E Section Name        Object

    0x20000000        -       0x00000200   Zero   RW            9    HEAP                startup_stm32f401xe.o
    0x20000200        -       0x00000400   Zero   RW            8    STACK               startup_stm32f401xe.o


==============================================================================

Image component sizes


      Code (inc. data)   RO Data    RW Data    ZI Data      Debug   Object Name

       120         22         20          0          0        404   lab2.o
        56         22        404          0       1536        868   startup_stm32f401xe.o
        18          0          0          0          0       2803   system_stm32f4xx.o

    ----------------------------------------------------------------------
       196         44        424          0       1536       4075   Object Totals
         0          0          0          0          0          0   (incl. Generated)
         2          0          0          0          0          0   (incl. Padding)

    ----------------------------------------------------------------------

      Code (inc. data)   RO Data    RW Data    ZI Data      Debug   Library Member Name

         6          0          0          0          0        152   heapauxi.o

    ----------------------------------------------------------------------
         8          0          0          0          0        152   Library Totals
         2          0          0          0          0          0   (incl. Padding)

    ----------------------------------------------------------------------

      Code (inc. data)   RO Data    RW Data    ZI Data      Debug   Library Name

         6          0          0          0          0        152   c_w.l

    ----------------------------------------------------------------------
         8          0          0          0          0        152   Library Totals

    ----------------------------------------------------------------------

==============================================================================


      Code (inc. data)   RO Data    RW Data    ZI Data      Debug   

       204         44        424          0       1536       4127   Grand Totals
       204         44        424          0       1536       4127   ELF Image Totals
       204         44        424          0          0          0   ROM Totals

==============================================================================

    Total RO  Size (Code + RO Data)                  628 (   0.61kB)
    Total RW  Size (RW Data + ZI Data)              1536 (   1.50kB)
    Total ROM Size (Code + RO Data + RW Data)        628 (   0.61kB)

==============================================================================

